src/server.c:1540:        ((UDS_NRC_ServiceNotSupported == response) ||
src/server.c:1541:         (UDS_NRC_SubFunctionNotSupported == response) ||
src/server.c:1542:         (UDS_NRC_ServiceNotSupportedInActiveSession == response) ||
src/server.c:1543:         (UDS_NRC_SubFunctionNotSupportedInActiveSession == response) ||
src/server.c:1544:         (UDS_NRC_RequestOutOfRange == response)) &&
src/server.c:1604:            if (UDS_NRC_RequestCorrectlyReceived_ResponsePending == response) {
src/server.c:1656:            if (UDS_NRC_RequestCorrectlyReceived_ResponsePending == response) {
src/uds.h:54:    UDS_NRC_GeneralReject = 0x10,
src/uds.h:55:    UDS_NRC_ServiceNotSupported = 0x11,
src/uds.h:56:    UDS_NRC_SubFunctionNotSupported = 0x12,
src/uds.h:57:    UDS_NRC_IncorrectMessageLengthOrInvalidFormat = 0x13,
src/uds.h:58:    UDS_NRC_ResponseTooLong = 0x14,
src/uds.h:60:    UDS_NRC_BusyRepeatRequest = 0x21,
src/uds.h:61:    UDS_NRC_ConditionsNotCorrect = 0x22,
src/uds.h:62:    UDS_NRC_RequestSequenceError = 0x24,
src/uds.h:63:    UDS_NRC_NoResponseFromSubnetComponent = 0x25,
src/uds.h:64:    UDS_NRC_FailurePreventsExecutionOfRequestedAction = 0x26,
src/uds.h:66:    UDS_NRC_RequestOutOfRange = 0x31,
src/uds.h:68:    UDS_NRC_SecurityAccessDenied = 0x33,
src/uds.h:69:    UDS_NRC_AuthenticationRequired = 0x34,
src/uds.h:70:    UDS_NRC_InvalidKey = 0x35,
src/uds.h:71:    UDS_NRC_ExceedNumberOfAttempts = 0x36,
src/uds.h:72:    UDS_NRC_RequiredTimeDelayNotExpired = 0x37,
src/uds.h:73:    UDS_NRC_SecureDataTransmissionRequired = 0x38,
src/uds.h:74:    UDS_NRC_SecureDataTransmissionNotAllowed = 0x39,
src/uds.h:75:    UDS_NRC_SecureDataVerificationFailed = 0x3A,
src/uds.h:77:    UDS_NRC_CertficateVerificationFailedInvalidTimePeriod = 0x50,
src/uds.h:78:    UDS_NRC_CertficateVerificationFailedInvalidSignature = 0x51,
src/uds.h:79:    UDS_NRC_CertficateVerificationFailedInvalidChainOfTrust = 0x52,
src/uds.h:80:    UDS_NRC_CertficateVerificationFailedInvalidType = 0x53,
src/uds.h:81:    UDS_NRC_CertficateVerificationFailedInvalidFormat = 0x54,
src/uds.h:82:    UDS_NRC_CertficateVerificationFailedInvalidContent = 0x55,
src/uds.h:83:    UDS_NRC_CertficateVerificationFailedInvalidScope = 0x56,
src/uds.h:84:    UDS_NRC_CertficateVerificationFailedInvalidCertificate = 0x57,
src/uds.h:85:    UDS_NRC_OwnershipVerificationFailed = 0x58,
src/uds.h:86:    UDS_NRC_ChallengeCalculationFailed = 0x59,
src/uds.h:87:    UDS_NRC_SettingAccessRightsFailed = 0x5A,
src/uds.h:88:    UDS_NRC_SessionKeyCreationOrDerivationFailed = 0x5B,
src/uds.h:89:    UDS_NRC_ConfigurationDataUsageFailed = 0x5C,
src/uds.h:90:    UDS_NRC_DeAuthenticationFailed = 0x5D,
src/uds.h:92:    UDS_NRC_UploadDownloadNotAccepted = 0x70,
src/uds.h:93:    UDS_NRC_TransferDataSuspended = 0x71,
src/uds.h:94:    UDS_NRC_GeneralProgrammingFailure = 0x72,
src/uds.h:95:    UDS_NRC_WrongBlockSequenceCounter = 0x73,
src/uds.h:97:    UDS_NRC_RequestCorrectlyReceived_ResponsePending = 0x78,
src/uds.h:99:    UDS_NRC_SubFunctionNotSupportedInActiveSession = 0x7E,
src/uds.h:100:    UDS_NRC_ServiceNotSupportedInActiveSession = 0x7F,
src/uds.h:102:    UDS_NRC_RpmTooHigh = 0x81,
src/uds.h:103:    UDS_NRC_RpmTooLow = 0x82,
src/uds.h:104:    UDS_NRC_EngineIsRunning = 0x83,
src/uds.h:105:    UDS_NRC_EngineIsNotRunning = 0x84,
src/uds.h:106:    UDS_NRC_EngineRunTimeTooLow = 0x85,
src/uds.h:107:    UDS_NRC_TemperatureTooHigh = 0x86,
src/uds.h:108:    UDS_NRC_TemperatureTooLow = 0x87,
src/uds.h:109:    UDS_NRC_VehicleSpeedTooHigh = 0x88,
src/uds.h:110:    UDS_NRC_VehicleSpeedTooLow = 0x89,
src/uds.h:111:    UDS_NRC_ThrottlePedalTooHigh = 0x8A,
src/uds.h:112:    UDS_NRC_ThrottlePedalTooLow = 0x8B,
src/uds.h:113:    UDS_NRC_TransmissionRangeNotInNeutral = 0x8C,
src/uds.h:114:    UDS_NRC_TransmissionRangeNotInGear = 0x8D,
src/uds.h:116:    UDS_NRC_BrakeSwitchNotClosed = 0x8F,
src/uds.h:117:    UDS_NRC_ShifterLeverNotInPark = 0x90,
src/uds.h:118:    UDS_NRC_TorqueConverterClutchLocked = 0x91,
src/uds.h:119:    UDS_NRC_VoltageTooHigh = 0x92,
src/uds.h:120:    UDS_NRC_VoltageTooLow = 0x93,
src/uds.h:121:    UDS_NRC_ResourceTemporarilyNotAvailable = 0x94,
src/client.c:86:        } else if (UDS_NRC_RequestCorrectlyReceived_ResponsePending == client->recv_buf[2]) {
src/client.c:116:        if (UDS_NRC_RequestCorrectlyReceived_ResponsePending == client->recv_buf[2]) {
iso14229.h:342:    UDS_NRC_GeneralReject = 0x10,
iso14229.h:343:    UDS_NRC_ServiceNotSupported = 0x11,
iso14229.h:344:    UDS_NRC_SubFunctionNotSupported = 0x12,
iso14229.h:345:    UDS_NRC_IncorrectMessageLengthOrInvalidFormat = 0x13,
iso14229.h:346:    UDS_NRC_ResponseTooLong = 0x14,
iso14229.h:348:    UDS_NRC_BusyRepeatRequest = 0x21,
iso14229.h:349:    UDS_NRC_ConditionsNotCorrect = 0x22,
iso14229.h:350:    UDS_NRC_RequestSequenceError = 0x24,
iso14229.h:351:    UDS_NRC_NoResponseFromSubnetComponent = 0x25,
iso14229.h:352:    UDS_NRC_FailurePreventsExecutionOfRequestedAction = 0x26,
iso14229.h:354:    UDS_NRC_RequestOutOfRange = 0x31,
iso14229.h:356:    UDS_NRC_SecurityAccessDenied = 0x33,
iso14229.h:357:    UDS_NRC_AuthenticationRequired = 0x34,
iso14229.h:358:    UDS_NRC_InvalidKey = 0x35,
iso14229.h:359:    UDS_NRC_ExceedNumberOfAttempts = 0x36,
iso14229.h:360:    UDS_NRC_RequiredTimeDelayNotExpired = 0x37,
iso14229.h:361:    UDS_NRC_SecureDataTransmissionRequired = 0x38,
iso14229.h:362:    UDS_NRC_SecureDataTransmissionNotAllowed = 0x39,
iso14229.h:363:    UDS_NRC_SecureDataVerificationFailed = 0x3A,
iso14229.h:365:    UDS_NRC_CertficateVerificationFailedInvalidTimePeriod = 0x50,
iso14229.h:366:    UDS_NRC_CertficateVerificationFailedInvalidSignature = 0x51,
iso14229.h:367:    UDS_NRC_CertficateVerificationFailedInvalidChainOfTrust = 0x52,
iso14229.h:368:    UDS_NRC_CertficateVerificationFailedInvalidType = 0x53,
iso14229.h:369:    UDS_NRC_CertficateVerificationFailedInvalidFormat = 0x54,
iso14229.h:370:    UDS_NRC_CertficateVerificationFailedInvalidContent = 0x55,
iso14229.h:371:    UDS_NRC_CertficateVerificationFailedInvalidScope = 0x56,
iso14229.h:372:    UDS_NRC_CertficateVerificationFailedInvalidCertificate = 0x57,
iso14229.h:373:    UDS_NRC_OwnershipVerificationFailed = 0x58,
iso14229.h:374:    UDS_NRC_ChallengeCalculationFailed = 0x59,
iso14229.h:375:    UDS_NRC_SettingAccessRightsFailed = 0x5A,
iso14229.h:376:    UDS_NRC_SessionKeyCreationOrDerivationFailed = 0x5B,
iso14229.h:377:    UDS_NRC_ConfigurationDataUsageFailed = 0x5C,
iso14229.h:378:    UDS_NRC_DeAuthenticationFailed = 0x5D,
iso14229.h:380:    UDS_NRC_UploadDownloadNotAccepted = 0x70,
iso14229.h:381:    UDS_NRC_TransferDataSuspended = 0x71,
iso14229.h:382:    UDS_NRC_GeneralProgrammingFailure = 0x72,
iso14229.h:383:    UDS_NRC_WrongBlockSequenceCounter = 0x73,
iso14229.h:385:    UDS_NRC_RequestCorrectlyReceived_ResponsePending = 0x78,
iso14229.h:387:    UDS_NRC_SubFunctionNotSupportedInActiveSession = 0x7E,
iso14229.h:388:    UDS_NRC_ServiceNotSupportedInActiveSession = 0x7F,
iso14229.h:390:    UDS_NRC_RpmTooHigh = 0x81,
iso14229.h:391:    UDS_NRC_RpmTooLow = 0x82,
iso14229.h:392:    UDS_NRC_EngineIsRunning = 0x83,
iso14229.h:393:    UDS_NRC_EngineIsNotRunning = 0x84,
iso14229.h:394:    UDS_NRC_EngineRunTimeTooLow = 0x85,
iso14229.h:395:    UDS_NRC_TemperatureTooHigh = 0x86,
iso14229.h:396:    UDS_NRC_TemperatureTooLow = 0x87,
iso14229.h:397:    UDS_NRC_VehicleSpeedTooHigh = 0x88,
iso14229.h:398:    UDS_NRC_VehicleSpeedTooLow = 0x89,
iso14229.h:399:    UDS_NRC_ThrottlePedalTooHigh = 0x8A,
iso14229.h:400:    UDS_NRC_ThrottlePedalTooLow = 0x8B,
iso14229.h:401:    UDS_NRC_TransmissionRangeNotInNeutral = 0x8C,
iso14229.h:402:    UDS_NRC_TransmissionRangeNotInGear = 0x8D,
iso14229.h:404:    UDS_NRC_BrakeSwitchNotClosed = 0x8F,
iso14229.h:405:    UDS_NRC_ShifterLeverNotInPark = 0x90,
iso14229.h:406:    UDS_NRC_TorqueConverterClutchLocked = 0x91,
iso14229.h:407:    UDS_NRC_VoltageTooHigh = 0x92,
iso14229.h:408:    UDS_NRC_VoltageTooLow = 0x93,
iso14229.h:409:    UDS_NRC_ResourceTemporarilyNotAvailable = 0x94,
